MO cs161_datapath NULL datapath.v vlg50/cs161__datapath.bin 1557797511
MO mux_2_1 NULL mux_2_1.v vlg57/mux__2__1.bin 1557797511
MO alu_control NULL alu_control.v vlg5E/alu__control.bin 1557797511
MO cpu_registers NULL cpu_registers.v vlg0B/cpu__registers.bin 1557797511
MO gen_register NULL gen_register.v vlg36/gen__register.bin 1557797511
MO cs161_processor NULL processor.v vlg41/cs161__processor.bin 1557797511
MO control_unit NULL control_unit.v vlg64/control__unit.bin 1557797511
MO cpumemory NULL cpumemory.v vlg39/cpumemory.bin 1557797511
MO alu NULL alu.v vlg0A/alu.bin 1557797511
